// Jest Snapshot v1, https://goo.gl/fbAQLP

exports[`should render calculator 1`] = `
Object {
  "asFragment": [Function],
  "baseElement": <body>
    <div>
      <main>
        <section
          class="mainPage-text"
        >
          <h1>
            Let's do some Math!
          </h1>
        </section>
        <section
          class="calculator"
        >
          <p
            class="display"
          >
            0
          </p>
          <button
            id="AC"
            type="button"
          >
            AC
          </button>
          <button
            id="+/-"
            type="button"
          >
            +/-
          </button>
          <button
            id="%"
            type="button"
          >
            %
          </button>
          <button
            class="operator"
            id="รท"
            type="button"
          >
            รท
          </button>
          <button
            id="7"
            type="button"
          >
            7
          </button>
          <button
            id="8"
            type="button"
          >
            8
          </button>
          <button
            id="9"
            type="button"
          >
            9
          </button>
          <button
            class="operator"
            id="x"
            type="button"
          >
            x
          </button>
          <button
            id="4"
            type="button"
          >
            4
          </button>
          <button
            id="5"
            type="button"
          >
            5
          </button>
          <button
            id="6"
            type="button"
          >
            6
          </button>
          <button
            class="operator"
            id="-"
            type="button"
          >
            -
          </button>
          <button
            id="1"
            type="button"
          >
            1
          </button>
          <button
            id="2"
            type="button"
          >
             2 
          </button>
          <button
            id="3"
            type="button"
          >
             3 
          </button>
          <button
            class="operator"
            id="+"
            type="button"
          >
            +
          </button>
          <button
            class="zero"
            id="0"
            type="button"
          >
            0
          </button>
          <button
            id="."
            type="button"
          >
            .
          </button>
          <button
            class="operator"
            id="="
            type="button"
          >
            =
          </button>
        </section>
      </main>
    </div>
  </body>,
  "container": <div>
    <main>
      <section
        class="mainPage-text"
      >
        <h1>
          Let's do some Math!
        </h1>
      </section>
      <section
        class="calculator"
      >
        <p
          class="display"
        >
          0
        </p>
        <button
          id="AC"
          type="button"
        >
          AC
        </button>
        <button
          id="+/-"
          type="button"
        >
          +/-
        </button>
        <button
          id="%"
          type="button"
        >
          %
        </button>
        <button
          class="operator"
          id="รท"
          type="button"
        >
          รท
        </button>
        <button
          id="7"
          type="button"
        >
          7
        </button>
        <button
          id="8"
          type="button"
        >
          8
        </button>
        <button
          id="9"
          type="button"
        >
          9
        </button>
        <button
          class="operator"
          id="x"
          type="button"
        >
          x
        </button>
        <button
          id="4"
          type="button"
        >
          4
        </button>
        <button
          id="5"
          type="button"
        >
          5
        </button>
        <button
          id="6"
          type="button"
        >
          6
        </button>
        <button
          class="operator"
          id="-"
          type="button"
        >
          -
        </button>
        <button
          id="1"
          type="button"
        >
          1
        </button>
        <button
          id="2"
          type="button"
        >
           2 
        </button>
        <button
          id="3"
          type="button"
        >
           3 
        </button>
        <button
          class="operator"
          id="+"
          type="button"
        >
          +
        </button>
        <button
          class="zero"
          id="0"
          type="button"
        >
          0
        </button>
        <button
          id="."
          type="button"
        >
          .
        </button>
        <button
          class="operator"
          id="="
          type="button"
        >
          =
        </button>
      </section>
    </main>
  </div>,
  "debug": [Function],
  "findAllByAltText": [Function],
  "findAllByDisplayValue": [Function],
  "findAllByLabelText": [Function],
  "findAllByPlaceholderText": [Function],
  "findAllByRole": [Function],
  "findAllByTestId": [Function],
  "findAllByText": [Function],
  "findAllByTitle": [Function],
  "findByAltText": [Function],
  "findByDisplayValue": [Function],
  "findByLabelText": [Function],
  "findByPlaceholderText": [Function],
  "findByRole": [Function],
  "findByTestId": [Function],
  "findByText": [Function],
  "findByTitle": [Function],
  "getAllByAltText": [Function],
  "getAllByDisplayValue": [Function],
  "getAllByLabelText": [Function],
  "getAllByPlaceholderText": [Function],
  "getAllByRole": [Function],
  "getAllByTestId": [Function],
  "getAllByText": [Function],
  "getAllByTitle": [Function],
  "getByAltText": [Function],
  "getByDisplayValue": [Function],
  "getByLabelText": [Function],
  "getByPlaceholderText": [Function],
  "getByRole": [Function],
  "getByTestId": [Function],
  "getByText": [Function],
  "getByTitle": [Function],
  "queryAllByAltText": [Function],
  "queryAllByDisplayValue": [Function],
  "queryAllByLabelText": [Function],
  "queryAllByPlaceholderText": [Function],
  "queryAllByRole": [Function],
  "queryAllByTestId": [Function],
  "queryAllByText": [Function],
  "queryAllByTitle": [Function],
  "queryByAltText": [Function],
  "queryByDisplayValue": [Function],
  "queryByLabelText": [Function],
  "queryByPlaceholderText": [Function],
  "queryByRole": [Function],
  "queryByTestId": [Function],
  "queryByText": [Function],
  "queryByTitle": [Function],
  "rerender": [Function],
  "unmount": [Function],
}
`;
